---
source: tests/snapshot.rs
expression: rendered
input_file: tests/snippets/chinese-simplified.md
---
[1m[4m[32m[0m[1m[4m[32mChinese Simplified[0m

An example to see how the text wrapping is handled:[0m

┃[0m [0m我姐姐在外国语大学学习德语，发育和汉语。我姐姐在外国语大学学习德语，发育和汉语。我姐姐在外国语大学学习德语，发育和[0m
┃[0m [0m汉语。我姐姐在外国语大学学习德语，发育和汉语。我姐姐在外国语大学学习德语，发育和汉语。我姐姐在外国语大学学习德语，[0m
┃[0m [0m发育和汉语。我姐姐在外国语大学学习德语，发育和汉语。我姐姐在外国语大学学习德语，发育和汉语。我姐姐在外国语大学学习[0m
┃[0m [0m德语，发育和汉语。我姐姐在外国语大学学习德语，发育和汉语。我姐姐在外国语大学学习德语，发育和汉语。我姐姐在外国语大[0m
┃[0m [0m学学习德语，发育和汉语。我姐姐在外国语大学学习德语，发育和汉语。我姐姐在外国语大学学习德语，发育和汉语。我姐姐在外[0m
┃[0m [0m国语大学学习德语，发育和汉语。我姐姐在外国语大学学习德语，发育和汉语。我姐姐在外国语大学学习德语，发育和汉语。我姐[0m
┃[0m [0m姐在外国语大学学习德语，发育和汉语。我姐姐在外国语大学学习德语，发育和汉语。我姐姐在外国语大学学习德语，发育和汉[0m
┃[0m [0m语。我姐姐在外国语大学学习德语，发育和汉语。我姐姐在外国语大学学习德语，发育和汉语。我姐姐在外国语大学学习德语，发[0m
┃[0m [0m育和汉语。我姐姐在外国语大学学习德语，发育和汉语。我姐姐在外国语大学学习德语，发育和汉语。我姐姐在外国语大学学习德[0m
┃[0m [0m语，发育和汉语。我姐姐在外国语大学学习德语，发育和汉语。我姐姐在外国语大学学习德语，发育和汉语。我姐姐在外国语大学[0m
┃[0m [0m学习德语，发育和汉语。我姐姐在外国语大学学习德语，发育和汉语。我姐姐在外国语大学学习德语，发育和汉语。我姐姐在外国[0m
┃[0m [0m语大学学习德语，发育和汉语。[0m
