---
source: tests/snapshot.rs
expression: rendered
input_file: tests/snippets/chinese-simplified.md
---
[1m[4m[32mChinese Simplified[0m

An example to see how the text wrapping is handled:

┃ 我姐姐在外国语大学学习德语，发育和汉语。我姐姐在外国语大学学习德语，发育和汉语。我姐姐在外国语大学学
┃ 习德语，发育和汉语。我姐姐在外国语大学学习德语，发育和汉语。我姐姐在外国语大学学习德语，发育和汉语。
┃ 我姐姐在外国语大学学习德语，发育和汉语。我姐姐在外国语大学学习德语，发育和汉语。我姐姐在外国语大学学
┃ 习德语，发育和汉语。我姐姐在外国语大学学习德语，发育和汉语。我姐姐在外国语大学学习德语，发育和汉语。
┃ 我姐姐在外国语大学学习德语，发育和汉语。我姐姐在外国语大学学习德语，发育和汉语。我姐姐在外国语大学学
┃ 习德语，发育和汉语。我姐姐在外国语大学学习德语，发育和汉语。我姐姐在外国语大学学习德语，发育和汉语。
┃ 我姐姐在外国语大学学习德语，发育和汉语。我姐姐在外国语大学学习德语，发育和汉语。我姐姐在外国语大学学
┃ 习德语，发育和汉语。我姐姐在外国语大学学习德语，发育和汉语。我姐姐在外国语大学学习德语，发育和汉语。
┃ 我姐姐在外国语大学学习德语，发育和汉语。我姐姐在外国语大学学习德语，发育和汉语。我姐姐在外国语大学学
┃ 习德语，发育和汉语。我姐姐在外国语大学学习德语，发育和汉语。我姐姐在外国语大学学习德语，发育和汉语。
┃ 我姐姐在外国语大学学习德语，发育和汉语。我姐姐在外国语大学学习德语，发育和汉语。我姐姐在外国语大学学
┃ 习德语，发育和汉语。我姐姐在外国语大学学习德语，发育和汉语。我姐姐在外国语大学学习德语，发育和汉语。
┃ 我姐姐在外国语大学学习德语，发育和汉语。我姐姐在外国语大学学习德语，发育和汉语。
